---
source: tests/snapshot_tests.rs
expression: output
---
test.md:2: MD022/blanks-around-headings/blanks-around-headers Headings should be surrounded by blank lines [Expected blank line before heading] [fixable]
test.md:2: MD022/blanks-around-headings/blanks-around-headers Headings should be surrounded by blank lines [Expected blank line after heading] [fixable]
test.md:5: MD003/heading-style Heading style [Expected: setext; Actual: atx] [fixable]
test.md:11: KMD002/footnote-refs-defined Footnote references must have matching definitions [Footnote reference '[^1]' has no definition]
test.md:13: KMD003/footnote-defs-used Footnote definitions must be referenced in the document [Footnote definition '[^2]' is never referenced]
test.md:13: MD053/link-image-reference-definitions Link and image reference definitions should be needed [Unused reference definition "^2"] [fixable]
test.md:19: MD003/heading-style Heading style [Expected: setext; Actual: atx] [fixable]
test.md:21: KMD005/no-duplicate-heading-ids Heading IDs must be unique within the document [Duplicate heading ID 'dup' (first defined on line 19)]
test.md:21: MD003/heading-style Heading style [Expected: setext; Actual: atx] [fixable]
test.md:23: KMD010/inline-ial-syntax Inline IAL syntax must be well-formed [Malformed inline IAL syntax: '{: bad!!ial}' (expected: {: #id .class key="val"})] [fixable]
test.md:25: KMD007/math-block-delimiters Math block '$$' delimiters must be matched [Unclosed math block: opening '$$' on line 25 has no matching closing '$$'] [fixable]
test.md:28: KMD006/valid-ial-syntax IAL (Inline Attribute List) syntax must be well-formed [Malformed IAL syntax: '{::comment}' (expected: {: #id .class key="val"})] [fixable]
test.md:28: KMD008/block-extension-syntax Block extensions must be properly opened and closed [Unclosed block extension '{::comment}' opened on line 28] [fixable]
